Java HotSpot(TM) 64-Bit Server VM (25.60-b23) for bsd-amd64 JRE (1.8.0_60-b27), built on Aug  4 2015 10:47:24 by "java_re" with gcc 4.2.1 (Based on Apple Inc. build 5658) (LLVM build 2336.11.00)
Memory: 4k page, physical 8388608k(55952k free)

/proc/meminfo:

CommandLine flags: -XX:+DisableExplicitGC -XX:InitialHeapSize=1073741824 -XX:InitiatingHeapOccupancyPercent=35 -XX:+ManagementServer -XX:MaxGCPauseMillis=20 -XX:MaxHeapSize=1073741824 -XX:+PrintGC -XX:+PrintGCDateStamps -XX:+PrintGCDetails -XX:+PrintGCTimeStamps -XX:+UseCompressedClassPointers -XX:+UseCompressedOops -XX:+UseG1GC 
2016-01-20T20:01:31.077+0500: 1.045: [GC pause (G1 Evacuation Pause) (young), 0.0114830 secs]
   [Parallel Time: 6.2 ms, GC Workers: 4]
      [GC Worker Start (ms): Min: 1045.0, Avg: 1045.0, Max: 1045.0, Diff: 0.0]
      [Ext Root Scanning (ms): Min: 0.6, Avg: 0.9, Max: 1.6, Diff: 1.0, Sum: 3.8]
      [Update RS (ms): Min: 0.0, Avg: 0.0, Max: 0.0, Diff: 0.0, Sum: 0.0]
         [Processed Buffers: Min: 0, Avg: 0.0, Max: 0, Diff: 0, Sum: 0]
      [Scan RS (ms): Min: 0.0, Avg: 0.0, Max: 0.0, Diff: 0.0, Sum: 0.0]
      [Code Root Scanning (ms): Min: 0.0, Avg: 0.2, Max: 0.3, Diff: 0.3, Sum: 0.8]
      [Object Copy (ms): Min: 4.6, Avg: 5.0, Max: 5.2, Diff: 0.6, Sum: 20.0]
      [Termination (ms): Min: 0.0, Avg: 0.0, Max: 0.0, Diff: 0.0, Sum: 0.0]
         [Termination Attempts: Min: 1, Avg: 2.2, Max: 3, Diff: 2, Sum: 9]
      [GC Worker Other (ms): Min: 0.0, Avg: 0.0, Max: 0.0, Diff: 0.0, Sum: 0.1]
      [GC Worker Total (ms): Min: 6.1, Avg: 6.2, Max: 6.2, Diff: 0.0, Sum: 24.7]
      [GC Worker End (ms): Min: 1051.2, Avg: 1051.2, Max: 1051.2, Diff: 0.0]
   [Code Root Fixup: 0.2 ms]
   [Code Root Purge: 0.0 ms]
   [Clear CT: 0.1 ms]
   [Other: 5.0 ms]
      [Choose CSet: 0.0 ms]
      [Ref Proc: 4.6 ms]
      [Ref Enq: 0.0 ms]
      [Redirty Cards: 0.0 ms]
      [Humongous Register: 0.1 ms]
      [Humongous Reclaim: 0.0 ms]
      [Free CSet: 0.1 ms]
   [Eden: 51.0M(51.0M)->0.0B(44.0M) Survivors: 0.0B->7168.0K Heap: 51.0M(1024.0M)->7720.5K(1024.0M)]
 [Times: user=0.02 sys=0.00, real=0.01 secs] 
2016-01-20T20:01:31.650+0500: 1.617: [GC pause (G1 Evacuation Pause) (young), 0.0110253 secs]
   [Parallel Time: 5.2 ms, GC Workers: 4]
      [GC Worker Start (ms): Min: 1617.3, Avg: 1617.3, Max: 1617.3, Diff: 0.0]
      [Ext Root Scanning (ms): Min: 0.9, Avg: 1.1, Max: 1.6, Diff: 0.7, Sum: 4.6]
      [Update RS (ms): Min: 0.0, Avg: 0.0, Max: 0.1, Diff: 0.1, Sum: 0.1]
         [Processed Buffers: Min: 0, Avg: 0.2, Max: 1, Diff: 1, Sum: 1]
      [Scan RS (ms): Min: 0.0, Avg: 0.0, Max: 0.0, Diff: 0.0, Sum: 0.0]
      [Code Root Scanning (ms): Min: 0.0, Avg: 0.4, Max: 1.3, Diff: 1.3, Sum: 1.4]
      [Object Copy (ms): Min: 2.8, Avg: 3.5, Max: 4.0, Diff: 1.2, Sum: 14.1]
      [Termination (ms): Min: 0.0, Avg: 0.0, Max: 0.0, Diff: 0.0, Sum: 0.0]
         [Termination Attempts: Min: 1, Avg: 7.2, Max: 12, Diff: 11, Sum: 29]
      [GC Worker Other (ms): Min: 0.0, Avg: 0.0, Max: 0.0, Diff: 0.0, Sum: 0.1]
      [GC Worker Total (ms): Min: 5.1, Avg: 5.1, Max: 5.1, Diff: 0.0, Sum: 20.4]
      [GC Worker End (ms): Min: 1622.4, Avg: 1622.4, Max: 1622.4, Diff: 0.0]
   [Code Root Fixup: 0.5 ms]
   [Code Root Purge: 0.0 ms]
   [Clear CT: 0.1 ms]
   [Other: 5.3 ms]
      [Choose CSet: 0.0 ms]
      [Ref Proc: 2.6 ms]
      [Ref Enq: 0.0 ms]
      [Redirty Cards: 2.3 ms]
      [Humongous Register: 0.1 ms]
      [Humongous Reclaim: 0.0 ms]
      [Free CSet: 0.1 ms]
   [Eden: 44.0M(44.0M)->0.0B(44.0M) Survivors: 7168.0K->7168.0K Heap: 51.5M(1024.0M)->7922.0K(1024.0M)]
 [Times: user=0.03 sys=0.01, real=0.01 secs] 
2016-01-20T20:01:56.122+0500: 26.089: [GC pause (Metadata GC Threshold) (young) (initial-mark), 0.0076796 secs]
   [Parallel Time: 6.3 ms, GC Workers: 4]
      [GC Worker Start (ms): Min: 26088.7, Avg: 26088.7, Max: 26088.7, Diff: 0.1]
      [Ext Root Scanning (ms): Min: 1.0, Avg: 1.3, Max: 1.6, Diff: 0.5, Sum: 5.2]
      [Update RS (ms): Min: 0.0, Avg: 0.1, Max: 0.1, Diff: 0.1, Sum: 0.2]
         [Processed Buffers: Min: 0, Avg: 0.5, Max: 1, Diff: 1, Sum: 2]
      [Scan RS (ms): Min: 0.0, Avg: 0.0, Max: 0.0, Diff: 0.0, Sum: 0.0]
      [Code Root Scanning (ms): Min: 0.2, Avg: 0.8, Max: 1.6, Diff: 1.4, Sum: 3.4]
      [Object Copy (ms): Min: 2.9, Avg: 3.9, Max: 4.9, Diff: 2.0, Sum: 15.7]
      [Termination (ms): Min: 0.0, Avg: 0.0, Max: 0.0, Diff: 0.0, Sum: 0.0]
         [Termination Attempts: Min: 1, Avg: 1.0, Max: 1, Diff: 0, Sum: 4]
      [GC Worker Other (ms): Min: 0.0, Avg: 0.0, Max: 0.1, Diff: 0.0, Sum: 0.2]
      [GC Worker Total (ms): Min: 6.1, Avg: 6.2, Max: 6.2, Diff: 0.1, Sum: 24.7]
      [GC Worker End (ms): Min: 26094.9, Avg: 26094.9, Max: 26094.9, Diff: 0.0]
   [Code Root Fixup: 0.4 ms]
   [Code Root Purge: 0.0 ms]
   [Clear CT: 0.1 ms]
   [Other: 0.9 ms]
      [Choose CSet: 0.0 ms]
      [Ref Proc: 0.5 ms]
      [Ref Enq: 0.0 ms]
      [Redirty Cards: 0.1 ms]
      [Humongous Register: 0.0 ms]
      [Humongous Reclaim: 0.0 ms]
      [Free CSet: 0.1 ms]
   [Eden: 19.0M(44.0M)->0.0B(45.0M) Survivors: 7168.0K->6144.0K Heap: 25.9M(1024.0M)->6386.0K(1024.0M)]
 [Times: user=0.03 sys=0.00, real=0.01 secs] 
2016-01-20T20:01:56.131+0500: 26.097: [GC concurrent-root-region-scan-start]
2016-01-20T20:01:56.136+0500: 26.103: [GC concurrent-root-region-scan-end, 0.0053016 secs]
2016-01-20T20:01:56.136+0500: 26.103: [GC concurrent-mark-start]
2016-01-20T20:01:56.136+0500: 26.103: [GC concurrent-mark-end, 0.0001621 secs]
2016-01-20T20:01:56.136+0500: 26.103: [GC remark 2016-01-20T20:01:56.136+0500: 26.103: [Finalize Marking, 0.0002257 secs] 2016-01-20T20:01:56.136+0500: 26.103: [GC ref-proc, 0.0000460 secs] 2016-01-20T20:01:56.137+0500: 26.103: [Unloading, 0.0040419 secs], 0.0045370 secs]
 [Times: user=0.02 sys=0.00, real=0.01 secs] 
2016-01-20T20:01:56.141+0500: 26.108: [GC cleanup 6478K->5724K(1024M), 0.0009240 secs]
 [Times: user=0.00 sys=0.00, real=0.00 secs] 
2016-01-20T20:01:56.142+0500: 26.109: [GC concurrent-cleanup-start]
2016-01-20T20:01:56.142+0500: 26.109: [GC concurrent-cleanup-end, 0.0000156 secs]
2016-01-20T20:22:30.390+0500: 1260.325: [GC pause (G1 Evacuation Pause) (young), 0.0103221 secs]
   [Parallel Time: 8.2 ms, GC Workers: 4]
      [GC Worker Start (ms): Min: 1260324.7, Avg: 1260325.1, Max: 1260326.1, Diff: 1.4]
      [Ext Root Scanning (ms): Min: 0.2, Avg: 1.3, Max: 2.8, Diff: 2.6, Sum: 5.4]
      [Update RS (ms): Min: 0.0, Avg: 0.0, Max: 0.0, Diff: 0.0, Sum: 0.0]
         [Processed Buffers: Min: 0, Avg: 0.5, Max: 2, Diff: 2, Sum: 2]
      [Scan RS (ms): Min: 0.0, Avg: 0.0, Max: 0.0, Diff: 0.0, Sum: 0.1]
      [Code Root Scanning (ms): Min: 0.0, Avg: 1.4, Max: 3.0, Diff: 3.0, Sum: 5.7]
      [Object Copy (ms): Min: 3.9, Avg: 5.0, Max: 6.0, Diff: 2.2, Sum: 19.9]
      [Termination (ms): Min: 0.0, Avg: 0.0, Max: 0.0, Diff: 0.0, Sum: 0.0]
         [Termination Attempts: Min: 1, Avg: 4.0, Max: 7, Diff: 6, Sum: 16]
      [GC Worker Other (ms): Min: 0.0, Avg: 0.0, Max: 0.0, Diff: 0.0, Sum: 0.1]
      [GC Worker Total (ms): Min: 6.8, Avg: 7.8, Max: 8.2, Diff: 1.4, Sum: 31.1]
      [GC Worker End (ms): Min: 1260332.9, Avg: 1260332.9, Max: 1260332.9, Diff: 0.0]
   [Code Root Fixup: 0.7 ms]
   [Code Root Purge: 0.0 ms]
   [Clear CT: 0.1 ms]
   [Other: 1.3 ms]
      [Choose CSet: 0.0 ms]
      [Ref Proc: 0.7 ms]
      [Ref Enq: 0.0 ms]
      [Redirty Cards: 0.1 ms]
      [Humongous Register: 0.0 ms]
      [Humongous Reclaim: 0.0 ms]
      [Free CSet: 0.3 ms]
   [Eden: 45.0M(45.0M)->0.0B(45.0M) Survivors: 6144.0K->6144.0K Heap: 50.5M(1024.0M)->5632.0K(1024.0M)]
 [Times: user=0.03 sys=0.00, real=0.01 secs] 
2016-01-20T20:45:35.583+0500: 2645.482: [GC pause (G1 Evacuation Pause) (young), 0.0111234 secs]
   [Parallel Time: 9.0 ms, GC Workers: 4]
      [GC Worker Start (ms): Min: 2645482.6, Avg: 2645482.6, Max: 2645482.7, Diff: 0.1]
      [Ext Root Scanning (ms): Min: 0.9, Avg: 1.5, Max: 3.3, Diff: 2.4, Sum: 6.1]
      [Update RS (ms): Min: 0.0, Avg: 0.0, Max: 0.0, Diff: 0.0, Sum: 0.0]
         [Processed Buffers: Min: 0, Avg: 0.0, Max: 0, Diff: 0, Sum: 0]
      [Scan RS (ms): Min: 0.0, Avg: 0.0, Max: 0.0, Diff: 0.0, Sum: 0.1]
      [Code Root Scanning (ms): Min: 0.0, Avg: 2.0, Max: 3.9, Diff: 3.9, Sum: 7.9]
      [Object Copy (ms): Min: 3.9, Avg: 5.3, Max: 7.4, Diff: 3.5, Sum: 21.3]
      [Termination (ms): Min: 0.0, Avg: 0.0, Max: 0.0, Diff: 0.0, Sum: 0.0]
         [Termination Attempts: Min: 1, Avg: 5.5, Max: 9, Diff: 8, Sum: 22]
      [GC Worker Other (ms): Min: 0.0, Avg: 0.0, Max: 0.0, Diff: 0.0, Sum: 0.2]
      [GC Worker Total (ms): Min: 8.8, Avg: 8.9, Max: 8.9, Diff: 0.1, Sum: 35.5]
      [GC Worker End (ms): Min: 2645491.5, Avg: 2645491.5, Max: 2645491.5, Diff: 0.0]
   [Code Root Fixup: 0.9 ms]
   [Code Root Purge: 0.0 ms]
   [Clear CT: 0.1 ms]
   [Other: 1.2 ms]
      [Choose CSet: 0.0 ms]
      [Ref Proc: 0.5 ms]
      [Ref Enq: 0.0 ms]
      [Redirty Cards: 0.1 ms]
      [Humongous Register: 0.2 ms]
      [Humongous Reclaim: 0.0 ms]
      [Free CSet: 0.2 ms]
   [Eden: 45.0M(45.0M)->0.0B(48.0M) Survivors: 6144.0K->3072.0K Heap: 50.5M(1024.0M)->5316.5K(1024.0M)]
 [Times: user=0.03 sys=0.00, real=0.01 secs] 
2016-01-20T21:06:44.163+0500: 3914.029: [GC pause (G1 Evacuation Pause) (young), 0.0078633 secs]
   [Parallel Time: 6.8 ms, GC Workers: 4]
      [GC Worker Start (ms): Min: 3914029.4, Avg: 3914029.5, Max: 3914029.5, Diff: 0.0]
      [Ext Root Scanning (ms): Min: 0.6, Avg: 1.0, Max: 2.1, Diff: 1.5, Sum: 4.0]
      [Update RS (ms): Min: 0.0, Avg: 0.4, Max: 1.4, Diff: 1.4, Sum: 1.7]
         [Processed Buffers: Min: 0, Avg: 5.8, Max: 14, Diff: 14, Sum: 23]
      [Scan RS (ms): Min: 0.1, Avg: 0.5, Max: 1.0, Diff: 0.9, Sum: 2.1]
      [Code Root Scanning (ms): Min: 0.0, Avg: 0.3, Max: 0.7, Diff: 0.7, Sum: 1.2]
      [Object Copy (ms): Min: 3.7, Avg: 4.4, Max: 5.1, Diff: 1.5, Sum: 17.4]
      [Termination (ms): Min: 0.0, Avg: 0.1, Max: 0.1, Diff: 0.1, Sum: 0.3]
         [Termination Attempts: Min: 1, Avg: 1.0, Max: 1, Diff: 0, Sum: 4]
      [GC Worker Other (ms): Min: 0.0, Avg: 0.0, Max: 0.0, Diff: 0.0, Sum: 0.1]
      [GC Worker Total (ms): Min: 6.7, Avg: 6.7, Max: 6.7, Diff: 0.0, Sum: 26.8]
      [GC Worker End (ms): Min: 3914036.2, Avg: 3914036.2, Max: 3914036.2, Diff: 0.0]
   [Code Root Fixup: 0.2 ms]
   [Code Root Purge: 0.0 ms]
   [Clear CT: 0.1 ms]
   [Other: 0.8 ms]
      [Choose CSet: 0.0 ms]
      [Ref Proc: 0.5 ms]
      [Ref Enq: 0.0 ms]
      [Redirty Cards: 0.1 ms]
      [Humongous Register: 0.0 ms]
      [Humongous Reclaim: 0.0 ms]
      [Free CSet: 0.1 ms]
   [Eden: 48.0M(48.0M)->0.0B(47.0M) Survivors: 3072.0K->4096.0K Heap: 53.2M(1024.0M)->5737.9K(1024.0M)]
 [Times: user=0.02 sys=0.01, real=0.01 secs] 
Heap
 garbage-first heap   total 1048576K, used 9833K [0x0000000780000000, 0x0000000780102000, 0x00000007c0000000)
  region size 1024K, 9 young (9216K), 4 survivors (4096K)
 Metaspace       used 22963K, capacity 23134K, committed 23424K, reserved 1069056K
  class space    used 3301K, capacity 3359K, committed 3456K, reserved 1048576K
